 main

 Timestamp is 672a1fdd (Tue Nov  5 19:08:37 2024)

 Preferred load address is 0000000000010000

 Start         Length     Name                   Class
 0001:00000000 000001f0H .text$mn                CODE
 0002:00000000 00000054H .rdata                  DATA
 0002:00000054 00000018H .rdata$voltmd           DATA
 0002:0000006c 00000128H .rdata$zzzdbg           DATA
 0003:00000000 00000024H .pdata                  DATA
 0004:00000000 00000018H .xdata                  DATA

  Address         Publics by Value              Rva+Base               Lib:Object

 0000:00000000       __AbsoluteZero             0000000000000000     <absolute>
 0000:00000000       __arm64x_extra_rfe_table   0000000000000000     <absolute>
 0000:00000000       __arm64x_extra_rfe_table_size 0000000000000000     <absolute>
 0000:00000000       __arm64x_native_entrypoint 0000000000000000     <absolute>
 0000:00000000       __arm64x_redirection_metadata 0000000000000000     <absolute>
 0000:00000000       __arm64x_redirection_metadata_count 0000000000000000     <absolute>
 0000:00000000       __dynamic_value_reloc_table 0000000000000000     <absolute>
 0000:00000000       __enclave_config           0000000000000000     <absolute>
 0000:00000000       __guard_check_icall_a64n_fptr 0000000000000000     <absolute>
 0000:00000000       __guard_eh_cont_count      0000000000000000     <absolute>
 0000:00000000       __guard_eh_cont_table      0000000000000000     <absolute>
 0000:00000000       __guard_fids_count         0000000000000000     <absolute>
 0000:00000000       __guard_fids_table         0000000000000000     <absolute>
 0000:00000000       __guard_flags              0000000000000000     <absolute>
 0000:00000000       __guard_iat_count          0000000000000000     <absolute>
 0000:00000000       __guard_iat_table          0000000000000000     <absolute>
 0000:00000000       __guard_longjmp_count      0000000000000000     <absolute>
 0000:00000000       __guard_longjmp_table      0000000000000000     <absolute>
 0000:00000000       __hybrid_auxiliary_delayload_iat 0000000000000000     <absolute>
 0000:00000000       __hybrid_auxiliary_delayload_iat_copy 0000000000000000     <absolute>
 0000:00000000       __hybrid_auxiliary_iat     0000000000000000     <absolute>
 0000:00000000       __hybrid_auxiliary_iat_copy 0000000000000000     <absolute>
 0000:00000000       __hybrid_code_map          0000000000000000     <absolute>
 0000:00000000       __hybrid_code_map_count    0000000000000000     <absolute>
 0000:00000000       __hybrid_image_info_bitfield 0000000000000000     <absolute>
 0000:00000000       __x64_code_ranges_to_entry_points 0000000000000000     <absolute>
 0000:00000000       __x64_code_ranges_to_entry_points_count 0000000000000000     <absolute>
 0001:00000000       main                       0000000000011000 f   main.obj
 0001:00000018       matrixMultiply             0000000000011018 f   SampleLibOne.obj
 0001:00000128       sampleone                  0000000000011128 f   SampleLibOne.obj
 0001:000001e0       SampleUsedFunctionOne      00000000000111e0 f   Sample1.obj
 0002:00000054       __volatile_metadata        0000000000012054     <linker-defined>

 entry point at        0001:00000000

 Static symbols

 0004:00000000       $unwind$main               0000000000014000     main.obj
 0004:00000008       $unwind$matrixMultiply     0000000000014008     SampleLibOne.obj
 0004:00000010       $unwind$sampleone          0000000000014010     SampleLibOne.obj
